../Core/Src/main.c:241:6:SystemClock_Config	80	static,ignoring_inline_asm
../Core/Src/main.c:278:6:auto_set_adjust	24	static
../Core/Src/main.c:342:6:PHOS_value_calculation2	64	static
../Core/Src/main.c:420:6:SUL_value_calculation1	104	static
../Core/Src/main.c:518:6:NIT_value_calculation3	104	static
../Core/Src/main.c:601:29:POT_value_calculation5	104	static
../Core/Src/main.c:689:6:MAG_value_calculation4	32	static
../Core/Src/main.c:745:6:BOR_value_calculation6	32	static
../Core/Src/main.c:801:6:cal_result	8	static
../Core/Src/main.c:867:6:auto_zero_adjust	32	static
../Core/Src/main.c:903:5:mem_fresh_check	0	static
../Core/Src/main.c:912:5:sw_update	0	static
../Core/Src/main.c:921:5:validate_data	0	static
../Core/Src/main.c:932:6:init_hrd_strd	20	static
../Core/Src/main.c:1502:6:wrt_dflt	8	static
../Core/Src/main.c:1519:6:sys_var_init	8	static
../Core/Src/main.c:1799:6:dflt_tm_set	8	static
../Core/Src/main.c:1812:6:gpio_config_check	0	static
../Core/Src/main.c:1827:6:sys_mem_validate	8	static
../Core/Src/main.c:97:5:main	24	static
../Core/Src/main.c:1848:6:global_timer_100msec	0	static
../Core/Src/main.c:1897:6:Error_Handler	0	static,ignoring_inline_asm
