../Core/Src/main.c:234:6:SystemClock_Config	3
../Core/Src/main.c:271:6:auto_set_adjust	9
../Core/Src/main.c:335:6:PHOS_value_calculation2	14
../Core/Src/main.c:413:6:SUL_value_calculation1	15
../Core/Src/main.c:511:6:NIT_value_calculation3	14
../Core/Src/main.c:594:29:POT_value_calculation5	14
../Core/Src/main.c:682:6:MAG_value_calculation4	13
../Core/Src/main.c:738:6:BOR_value_calculation6	13
../Core/Src/main.c:794:6:cal_result	17
../Core/Src/main.c:860:6:auto_zero_adjust	5
../Core/Src/main.c:896:5:mem_fresh_check	1
../Core/Src/main.c:905:5:sw_update	2
../Core/Src/main.c:914:5:validate_data	1
../Core/Src/main.c:925:6:init_hrd_strd	13
../Core/Src/main.c:1495:6:wrt_dflt	1
../Core/Src/main.c:1512:6:sys_var_init	15
../Core/Src/main.c:1792:6:dflt_tm_set	1
../Core/Src/main.c:1805:6:gpio_config_check	1
../Core/Src/main.c:1820:6:sys_mem_validate	1
../Core/Src/main.c:97:5:main	13
../Core/Src/main.c:1841:6:global_timer_100msec	7
../Core/Src/main.c:1890:6:Error_Handler	1
