../Core/Src/main.c:234:6:SystemClock_Config	80	static,ignoring_inline_asm
../Core/Src/main.c:271:6:auto_set_adjust	24	static
../Core/Src/main.c:335:6:PHOS_value_calculation2	64	static
../Core/Src/main.c:413:6:SUL_value_calculation1	104	static
../Core/Src/main.c:511:6:NIT_value_calculation3	104	static
../Core/Src/main.c:594:29:POT_value_calculation5	104	static
../Core/Src/main.c:682:6:MAG_value_calculation4	32	static
../Core/Src/main.c:738:6:BOR_value_calculation6	32	static
../Core/Src/main.c:794:6:cal_result	8	static
../Core/Src/main.c:860:6:auto_zero_adjust	32	static
../Core/Src/main.c:896:5:mem_fresh_check	0	static
../Core/Src/main.c:905:5:sw_update	0	static
../Core/Src/main.c:914:5:validate_data	0	static
../Core/Src/main.c:925:6:init_hrd_strd	20	static
../Core/Src/main.c:1495:6:wrt_dflt	8	static
../Core/Src/main.c:1512:6:sys_var_init	8	static
../Core/Src/main.c:1792:6:dflt_tm_set	8	static
../Core/Src/main.c:1805:6:gpio_config_check	0	static
../Core/Src/main.c:1820:6:sys_mem_validate	8	static
../Core/Src/main.c:97:5:main	24	static
../Core/Src/main.c:1841:6:global_timer_100msec	0	static
../Core/Src/main.c:1890:6:Error_Handler	0	static,ignoring_inline_asm
