../Core/Src/main.c:93:16:cal_drift_pct	8	static
../Core/Src/main.c:258:6:SystemClock_Config	80	static,ignoring_inline_asm
../Core/Src/main.c:295:6:auto_set_adjust	24	static
../Core/Src/main.c:359:6:PHOS_value_calculation2	64	static
../Core/Src/main.c:437:6:SUL_value_calculation1	104	static
../Core/Src/main.c:537:29:POT_value_calculation5	112	static
../Core/Src/main.c:619:6:MAG_value_calculation4	32	static
../Core/Src/main.c:675:6:BOR_value_calculation6	32	static
../Core/Src/main.c:731:6:cal_result	8	static
../Core/Src/main.c:797:6:auto_zero_adjust	40	static
../Core/Src/main.c:844:5:mem_fresh_check	0	static
../Core/Src/main.c:853:5:sw_update	0	static
../Core/Src/main.c:862:5:validate_data	0	static
../Core/Src/main.c:873:6:wrt_dflt	8	static
../Core/Src/main.c:890:6:dflt_tm_set	8	static
../Core/Src/main.c:903:6:gpio_config_check	0	static
../Core/Src/main.c:918:6:sys_mem_validate	8	static
../Core/Src/main.c:114:5:main	24	static
../Core/Src/main.c:939:6:global_timer_100msec	0	static
../Core/Src/main.c:988:6:Error_Handler	0	static,ignoring_inline_asm
