../Core/Src/main.c:258:6:SystemClock_Config	80	static,ignoring_inline_asm
../Core/Src/main.c:295:6:auto_set_adjust	24	static
../Core/Src/main.c:359:6:PHOS_value_calculation2	64	static
../Core/Src/main.c:437:6:SUL_value_calculation1	104	static
../Core/Src/main.c:535:6:NIT_value_calculation3	104	static
../Core/Src/main.c:620:29:POT_value_calculation5	104	static
../Core/Src/main.c:706:6:MAG_value_calculation4	32	static
../Core/Src/main.c:762:6:BOR_value_calculation6	32	static
../Core/Src/main.c:818:6:cal_result	8	static
../Core/Src/main.c:885:6:auto_zero_adjust	40	static
../Core/Src/main.c:933:5:mem_fresh_check	0	static
../Core/Src/main.c:942:5:sw_update	0	static
../Core/Src/main.c:951:5:validate_data	0	static
../Core/Src/main.c:962:6:wrt_dflt	8	static
../Core/Src/main.c:979:6:dflt_tm_set	8	static
../Core/Src/main.c:992:6:gpio_config_check	0	static
../Core/Src/main.c:1007:6:sys_mem_validate	8	static
../Core/Src/main.c:114:5:main	24	static
../Core/Src/main.c:1028:6:global_timer_100msec	0	static
../Core/Src/main.c:1077:6:Error_Handler	0	static,ignoring_inline_asm
