../Core/Src/main.c:92:16:cal_drift_pct	8	static
../Core/Src/main.c:257:6:SystemClock_Config	80	static,ignoring_inline_asm
../Core/Src/main.c:294:6:auto_set_adjust	24	static
../Core/Src/main.c:358:6:PHOS_value_calculation2	64	static
../Core/Src/main.c:436:6:SUL_value_calculation1	104	static
../Core/Src/main.c:534:6:NIT_value_calculation3	104	static
../Core/Src/main.c:617:29:POT_value_calculation5	104	static
../Core/Src/main.c:705:6:MAG_value_calculation4	32	static
../Core/Src/main.c:761:6:BOR_value_calculation6	32	static
../Core/Src/main.c:817:6:cal_result	8	static
../Core/Src/main.c:883:6:auto_zero_adjust	32	static
../Core/Src/main.c:919:5:mem_fresh_check	0	static
../Core/Src/main.c:928:5:sw_update	0	static
../Core/Src/main.c:937:5:validate_data	0	static
../Core/Src/main.c:948:6:wrt_dflt	8	static
../Core/Src/main.c:965:6:dflt_tm_set	8	static
../Core/Src/main.c:978:6:gpio_config_check	0	static
../Core/Src/main.c:993:6:sys_mem_validate	8	static
../Core/Src/main.c:113:5:main	24	static
../Core/Src/main.c:1014:6:global_timer_100msec	0	static
../Core/Src/main.c:1063:6:Error_Handler	0	static,ignoring_inline_asm
