../Core/Src/main.c:242:6:SystemClock_Config	80	static,ignoring_inline_asm
../Core/Src/main.c:279:6:auto_set_adjust	24	static
../Core/Src/main.c:343:6:PHOS_value_calculation2	64	static
../Core/Src/main.c:421:6:SUL_value_calculation1	104	static
../Core/Src/main.c:519:6:NIT_value_calculation3	104	static
../Core/Src/main.c:602:29:POT_value_calculation5	104	static
../Core/Src/main.c:690:6:MAG_value_calculation4	32	static
../Core/Src/main.c:746:6:BOR_value_calculation6	32	static
../Core/Src/main.c:802:6:cal_result	8	static
../Core/Src/main.c:868:6:auto_zero_adjust	32	static
../Core/Src/main.c:904:5:mem_fresh_check	0	static
../Core/Src/main.c:913:5:sw_update	0	static
../Core/Src/main.c:922:5:validate_data	0	static
../Core/Src/main.c:933:6:wrt_dflt	8	static
../Core/Src/main.c:950:6:dflt_tm_set	8	static
../Core/Src/main.c:963:6:gpio_config_check	0	static
../Core/Src/main.c:978:6:sys_mem_validate	8	static
../Core/Src/main.c:98:5:main	24	static
../Core/Src/main.c:999:6:global_timer_100msec	0	static
../Core/Src/main.c:1048:6:Error_Handler	0	static,ignoring_inline_asm
