../Core/Src/Pump.c:71:6:pump1.part.0	8	static
../Core/Src/Pump.c:82:6:pump2.part.0	8	static
../Core/Src/Pump.c:93:6:pump3.part.0	8	static
../Core/Src/Pump.c:104:6:pump4.part.0	8	static
../Core/Src/Pump.c:115:6:pump5.part.0	8	static
../Core/Src/Pump.c:126:6:pump6.part.0	8	static
../Core/Src/Pump.c:137:6:pump7.part.0	8	static
../Core/Src/Pump.c:148:6:pump8.part.0	8	static
../Core/Src/Pump.c:159:6:motor1.part.0	8	static
../Core/Src/Pump.c:71:6:pump1	8	static
../Core/Src/Pump.c:82:6:pump2	8	static
../Core/Src/Pump.c:93:6:pump3	8	static
../Core/Src/Pump.c:104:6:pump4	8	static
../Core/Src/Pump.c:115:6:pump5	8	static
../Core/Src/Pump.c:126:6:pump6	8	static
../Core/Src/Pump.c:137:6:pump7	8	static
../Core/Src/Pump.c:148:6:pump8	8	static
../Core/Src/Pump.c:159:6:motor1	8	static
../Core/Src/Pump.c:170:6:drn_wsh_func	24	static
../Core/Src/Pump.c:231:6:pump_timer_1msec	12	static
../Core/Src/Pump.c:245:6:chem_1a_disp	8	static
../Core/Src/Pump.c:256:6:chem_1b_disp	8	static
../Core/Src/Pump.c:267:6:chem_2c_disp	8	static
../Core/Src/Pump.c:278:6:chem_3d_disp	8	static
../Core/Src/Pump.c:289:6:chem_4e_disp	8	static
../Core/Src/Pump.c:300:6:chem_5f_disp	8	static
../Core/Src/Pump.c:311:6:water_g_disp	8	static
../Core/Src/Pump.c:322:6:mot_tm_rst	0	static
../Core/Src/Pump.c:336:6:drn_only_func	16	static
../Core/Src/Pump.c:360:6:pump_handler	8	static
