../Core/Src/Sen_TCS34725.c:191:6:set_mode.part.0	0	static
../Core/Src/Sen_TCS34725.c:102:6:TCS3472X_init	16	static
../Core/Src/Sen_TCS34725.c:120:6:TCS3472X_reset	16	static
../Core/Src/Sen_TCS34725.c:136:6:sensor_timer_1msec	8	static
../Core/Src/Sen_TCS34725.c:147:6:HAL_I2C_MemTxCpltCallback	0	static
../Core/Src/Sen_TCS34725.c:162:6:HAL_I2C_MemRxCpltCallback	16	static
../Core/Src/Sen_TCS34725.c:184:6:memory_read	24	static
../Core/Src/Sen_TCS34725.c:191:6:set_mode	8	static
../Core/Src/Sen_TCS34725.c:211:14:check_mode	0	static
../Core/Src/Sen_TCS34725.c:235:6:Chk_n_set_mode	8	static
../Core/Src/Sen_TCS34725.c:251:6:TCS3472X_handler	24	static
../Core/Src/Sen_TCS34725.c:270:5:get_sen_stat	0	static
../Core/Src/Sen_TCS34725.c:279:6:get_rgbc_val	12	static
../Core/Src/Sen_TCS34725.c:287:6:get_mavg_rgbc_val	12	static
